2025-12-18 12:52:32.464 xcodebuild[43285:560547]  DVTFilePathFSEvents: Failed to start fs event stream.
2025-12-18 12:52:32.615 xcodebuild[43285:560542] [MT] DVTDeveloperPaths: Failed to get length of DARWIN_USER_CACHE_DIR from confstr(3), error = Error Domain=NSPOSIXErrorDomain Code=5 "Input/output error". Using NSCachesDirectory instead.
2025-12-18 12:52:32.886 xcodebuild[43285:560546] CoreSimulatorService connection became invalid.  Simulator services will no longer be available.
Command line invocation:
    /Applications/Xcode.app/Contents/Developer/usr/bin/xcodebuild -scheme CryptoSavingsTracker -configuration Debug build

2025-12-18 12:52:32.932 xcodebuild[43285:560542] [MT] DVTAssertions: Warning in DVTFrameworks/DVTFoundation/FileTypes/DVTFileDataTypeDetection.m:79
Details:  detectedTypeIdentifier (com.apple.xml-property-list) does not conform to matchedTypeIdentifier in MagicFileDataTypeDetector extenson com.apple.property-list. When both are specified, this conformance is required unless overridden by setting allowNonInheritance. extension.identifier:Xcode.MagicFileDataTypeDetector.XMLPlist
Object:   <DVTFileDataTypeDetectionMagicCache: 0x9266d8ab0>
Method:   -initWithExtension:
Thread:   <_NSMainThread: 0x1015858e0>{number = 1, name = main}
Please file a bug at https://feedbackassistant.apple.com with this warning message and any useful information you can provide.
2025-12-18 12:52:32.934 xcodebuild[43285:560542] [MT] DVTAssertions: Warning in DVTFrameworks/DVTFoundation/FileTypes/DVTFileDataTypeDetection.m:79
Details:  detectedTypeIdentifier (com.apple.binary-property-list) does not conform to matchedTypeIdentifier in MagicFileDataTypeDetector extenson com.apple.property-list. When both are specified, this conformance is required unless overridden by setting allowNonInheritance. extension.identifier:Xcode.MagicFileDataTypeDetector.BinaryPlist
Object:   <DVTFileDataTypeDetectionMagicCache: 0x9266da130>
Method:   -initWithExtension:
Thread:   <_NSMainThread: 0x1015858e0>{number = 1, name = main}
Please file a bug at https://feedbackassistant.apple.com with this warning message and any useful information you can provide.
2025-12-18 12:52:32.947 xcodebuild[43285:560574] Logging connecton invalid: <OS_xpc_error: <dictionary: 0x1f72bbc10> { count = 1, transaction: 0, voucher = 0x0, contents =
	"XPCErrorDescription" => <string: 0x1f72bbd58> { string cache = 0x0, length = 18, contents = "Connection invalid" }
}>
2025-12-18 12:52:32.947 xcodebuild[43285:560574] Error opening log file (/Users/user/Library/Logs/CoreSimulator/CoreSimulator.com.apple.dt.xcodebuild.log): Operation not permitted
[-[SimServiceContext initWithDeveloperDir:connectionType:error:]:450] WARN  : Unable to discover any Simulator runtimes. Developer Directory is /Applications/Xcode.app/Contents/Developer.
[-[SimDiskImageManager init]:175] ERROR : Could not kickstart simdiskimaged; SimDiskImageManager services will not be available: Error Domain=NSPOSIXErrorDomain Code=53 "Software caused connection abort" UserInfo={NSLocalizedDescription=Error returned in reply from CoreSimulatorService: Connection invalid}
[-[SimDiskImageManager _onQueue_checkConnection:]:239] ERROR : simdiskimaged returned error (invalid), marking disconnected.
[-[SimServiceContext initWithDeveloperDir:connectionType:error:]_block_invoke:486] ERROR : Could not get list of trusted mount directories: Error Domain=com.apple.CoreSimulator.SimError Code=410 "The service used to manage runtime disk images (simdiskimaged) crashed or is not responding" UserInfo={NSLocalizedDescription=The service used to manage runtime disk images (simdiskimaged) crashed or is not responding}
[-[SimDiskImageManager _onQueue_checkConnection:]:239] ERROR : simdiskimaged returned error (invalid), marking disconnected.
[-[SimServiceContext sendRequest:reply:error:]:1763] ERROR : Unable to deliver request ({
    request = "notification_subscription";
    "set_path" = "/Users/user/Library/Developer/CoreSimulator/Devices";
}) because we are not connected to CoreSimulatorService.
2025-12-18 12:52:32.948 xcodebuild[43285:560547] Error Domain=NSPOSIXErrorDomain Code=61 "Connection refused" UserInfo={NSLocalizedDescription=CoreSimulatorService connection became invalid.  Simulator services will no longer be available.}
[-[SimServiceContext sendRequest:reply:error:]:1763] ERROR : Unable to deliver request ({
    request = "notification_subscription";
    "set_path" = "/Users/user/Library/Developer/CoreSimulator/Devices";
}) because we are not connected to CoreSimulatorService.
2025-12-18 12:52:32.949 xcodebuild[43285:560547]  IDESimulatorAvailability: startObservingSimulatorUpdates() FAILED to register SimDeviceSet observer
2025-12-18 12:52:32.949 xcodebuild[43285:560546] Error Domain=NSPOSIXErrorDomain Code=61 "Connection refused" UserInfo={NSLocalizedDescription=CoreSimulatorService connection became invalid.  Simulator services will no longer be available.}
2025-12-18 12:52:32.950 xcodebuild[43285:560546]  iOSSimulator: [SimServiceContext defaultDeviceSetWithError:] returned nil (Error Domain=NSPOSIXErrorDomain Code=61 "Connection refused" UserInfo={NSLocalizedFailureReason=Failed to subscribe to notifications from CoreSimulatorService., NSLocalizedDescription=Failed to initialize simulator device set., NSUnderlyingError=0x9266c8c90 {Error Domain=NSPOSIXErrorDomain Code=61 "Connection refused" UserInfo={NSLocalizedDescription=CoreSimulatorService connection became invalid.  Simulator services will no longer be available.}}}). Simulator device support disabled.
2025-12-18 12:52:33.041 xcodebuild[43285:560576]  DVTProvisioningProfileManager: Failed to load profile "/Users/user/Library/Developer/Xcode/UserData/Provisioning Profiles/ed157d42-db4f-4fa2-a00d-277d0154a7d6.mobileprovision" (Error Domain=DVTProvisioningProfileProviderErrorDomain Code=1 "Failed to load profile." UserInfo={NSLocalizedDescription=Failed to load profile., NSLocalizedRecoverySuggestion=Profile is missing the required UUID property.})
2025-12-18 12:52:33.041 xcodebuild[43285:560546]  DVTProvisioningProfileManager: Failed to load profile "/Users/user/Library/Developer/Xcode/UserData/Provisioning Profiles/2114d4b1-bec8-4f75-8bae-964c911d52c4.mobileprovision" (Error Domain=DVTProvisioningProfileProviderErrorDomain Code=1 "Failed to load profile." UserInfo={NSLocalizedDescription=Failed to load profile., NSLocalizedRecoverySuggestion=Profile is missing the required UUID property.})
2025-12-18 12:52:33.041 xcodebuild[43285:560578]  DVTProvisioningProfileManager: Failed to load profile "/Users/user/Library/Developer/Xcode/UserData/Provisioning Profiles/45a4fd5b-b9c9-4d5f-8583-d971fedb6493.mobileprovision" (Error Domain=DVTProvisioningProfileProviderErrorDomain Code=1 "Failed to load profile." UserInfo={NSLocalizedDescription=Failed to load profile., NSLocalizedRecoverySuggestion=Profile is missing the required UUID property.})
2025-12-18 12:52:33.041 xcodebuild[43285:560574]  DVTProvisioningProfileManager: Failed to load profile "/Users/user/Library/Developer/Xcode/UserData/Provisioning Profiles/b6affe25-daa1-4199-bfb7-9c781d967440.mobileprovision" (Error Domain=DVTProvisioningProfileProviderErrorDomain Code=1 "Failed to load profile." UserInfo={NSLocalizedDescription=Failed to load profile., NSLocalizedRecoverySuggestion=Profile is missing the required UUID property.})
2025-12-18 12:52:33.041 xcodebuild[43285:560575]  DVTProvisioningProfileManager: Failed to load profile "/Users/user/Library/Developer/Xcode/UserData/Provisioning Profiles/fea72efa-32bf-4f28-993b-7f94531a4dd0.mobileprovision" (Error Domain=DVTProvisioningProfileProviderErrorDomain Code=1 "Failed to load profile." UserInfo={NSLocalizedDescription=Failed to load profile., NSLocalizedRecoverySuggestion=Profile is missing the required UUID property.})
2025-12-18 12:52:33.041 xcodebuild[43285:560582]  DVTProvisioningProfileManager: Failed to load profile "/Users/user/Library/Developer/Xcode/UserData/Provisioning Profiles/f4cf0992-930a-4ecd-99c1-ca000a6526b0.mobileprovision" (Error Domain=DVTProvisioningProfileProviderErrorDomain Code=1 "Failed to load profile." UserInfo={NSLocalizedDescription=Failed to load profile., NSLocalizedRecoverySuggestion=Profile is missing the required UUID property.})
2025-12-18 12:52:33.042 xcodebuild[43285:560579]  DVTProvisioningProfileManager: Failed to load profile "/Users/user/Library/Developer/Xcode/UserData/Provisioning Profiles/85c80224-6bc5-4ad2-8d27-64daf899b8c6.mobileprovision" (Error Domain=DVTProvisioningProfileProviderErrorDomain Code=1 "Failed to load profile." UserInfo={NSLocalizedDescription=Failed to load profile., NSLocalizedRecoverySuggestion=Profile is missing the required UUID property.})
2025-12-18 12:52:33.042 xcodebuild[43285:560548]  DVTProvisioningProfileManager: Failed to load profile "/Users/user/Library/Developer/Xcode/UserData/Provisioning Profiles/ebb53027-bd1e-450f-862f-e7d5694dc9b8.mobileprovision" (Error Domain=DVTProvisioningProfileProviderErrorDomain Code=1 "Failed to load profile." UserInfo={NSLocalizedDescription=Failed to load profile., NSLocalizedRecoverySuggestion=Profile is missing the required UUID property.})
2025-12-18 12:52:33.042 xcodebuild[43285:560581]  DVTProvisioningProfileManager: Failed to load profile "/Users/user/Library/Developer/Xcode/UserData/Provisioning Profiles/0947a7af-3ea4-4690-9dd9-822039e26744.mobileprovision" (Error Domain=DVTProvisioningProfileProviderErrorDomain Code=1 "Failed to load profile." UserInfo={NSLocalizedDescription=Failed to load profile., NSLocalizedRecoverySuggestion=Profile is missing the required UUID property.})
2025-12-18 12:52:33.042 xcodebuild[43285:560577]  DVTProvisioningProfileManager: Failed to load profile "/Users/user/Library/Developer/Xcode/UserData/Provisioning Profiles/d1274323-5c5f-4f19-9fa3-88dca663eb44.mobileprovision" (Error Domain=DVTProvisioningProfileProviderErrorDomain Code=1 "Failed to load profile." UserInfo={NSLocalizedDescription=Failed to load profile., NSLocalizedRecoverySuggestion=Profile is missing the required UUID property.})
2025-12-18 12:52:33.043 xcodebuild[43285:560576]  DVTProvisioningProfileManager: Failed to load profile "/Users/user/Library/Developer/Xcode/UserData/Provisioning Profiles/7e48d705-9e44-4ffd-81f1-eb165d9d8940.mobileprovision" (Error Domain=DVTProvisioningProfileProviderErrorDomain Code=1 "Failed to load profile." UserInfo={NSLocalizedDescription=Failed to load profile., NSLocalizedRecoverySuggestion=Profile is missing the required UUID property.})
2025-12-18 12:52:33.044 xcodebuild[43285:560546]  DVTProvisioningProfileManager: Failed to load profile "/Users/user/Library/Developer/Xcode/UserData/Provisioning Profiles/fa5fa206-6bd4-48a8-aba6-1bfb3926caa1.mobileprovision" (Error Domain=DVTProvisioningProfileProviderErrorDomain Code=1 "Failed to load profile." UserInfo={NSLocalizedDescription=Failed to load profile., NSLocalizedRecoverySuggestion=Profile is missing the required UUID property.})
2025-12-18 12:52:33.044 xcodebuild[43285:560578]  DVTProvisioningProfileManager: Failed to load profile "/Users/user/Library/Developer/Xcode/UserData/Provisioning Profiles/73975502-80a3-4c09-ac28-52bd1fe9ad49.mobileprovision" (Error Domain=DVTProvisioningProfileProviderErrorDomain Code=1 "Failed to load profile." UserInfo={NSLocalizedDescription=Failed to load profile., NSLocalizedRecoverySuggestion=Profile is missing the required UUID property.})
2025-12-18 12:52:33.046 xcodebuild[43285:560546]  DVTProvisioningProfileManager: Failed to load profile "/Users/user/Library/MobileDevice/Provisioning Profiles/105ddf92-5a62-4caf-91b6-246f8d873488.mobileprovision" (Error Domain=DVTProvisioningProfileProviderErrorDomain Code=1 "Failed to load profile." UserInfo={NSLocalizedDescription=Failed to load profile., NSLocalizedRecoverySuggestion=Profile is missing the required UUID property.})
2025-12-18 12:52:33.046 xcodebuild[43285:560581]  DVTProvisioningProfileManager: Failed to load profile "/Users/user/Library/MobileDevice/Provisioning Profiles/cb78e5dc-5c26-4e4b-aab4-403da5967139.mobileprovision" (Error Domain=DVTProvisioningProfileProviderErrorDomain Code=1 "Failed to load profile." UserInfo={NSLocalizedDescription=Failed to load profile., NSLocalizedRecoverySuggestion=Profile is missing the required UUID property.})
2025-12-18 12:52:33.046 xcodebuild[43285:560578]  DVTProvisioningProfileManager: Failed to load profile "/Users/user/Library/MobileDevice/Provisioning Profiles/327ae8d1-de43-4a1e-bcd3-a05feb9a9094.mobileprovision" (Error Domain=DVTProvisioningProfileProviderErrorDomain Code=1 "Failed to load profile." UserInfo={NSLocalizedDescription=Failed to load profile., NSLocalizedRecoverySuggestion=Profile is missing the required UUID property.})
2025-12-18 12:52:33.046 xcodebuild[43285:560576]  DVTProvisioningProfileManager: Failed to load profile "/Users/user/Library/MobileDevice/Provisioning Profiles/ec728062-e015-4b8a-9504-2811441161eb.mobileprovision" (Error Domain=DVTProvisioningProfileProviderErrorDomain Code=1 "Failed to load profile." UserInfo={NSLocalizedDescription=Failed to load profile., NSLocalizedRecoverySuggestion=Profile is missing the required UUID property.})
--- xcodebuild: WARNING: Using the first of multiple matching destinations:
{ platform:macOS, arch:arm64, id:00006000-0014108A2E02401E, name:My Mac }
{ platform:macOS, arch:x86_64, id:00006000-0014108A2E02401E, name:My Mac }
{ platform:iOS, id:dvtdevice-DVTiPhonePlaceholder-iphoneos:placeholder, name:Any iOS Device }
{ platform:iOS Simulator, id:dvtdevice-DVTiOSDeviceSimulatorPlaceholder-iphonesimulator:placeholder, name:Any iOS Simulator Device }
{ platform:macOS, name:Any Mac }
{ platform:visionOS, id:dvtdevice-DVTiOSDevicePlaceholder-xros:placeholder, name:Any visionOS Device }
{ platform:visionOS Simulator, id:dvtdevice-DVTiOSDeviceSimulatorPlaceholder-xrsimulator:placeholder, name:Any visionOS Simulator Device }
Build Preparation
Couldn't create workspace arena folder '/Users/user/Library/Developer/Xcode/DerivedData/CryptoSavingsTracker-evaaynijwpcemaawvpwtepatwgti': Unable to write to info file '<DVTFilePath:0x926ef9c80:'/Users/user/Library/Developer/Xcode/DerivedData/CryptoSavingsTracker-evaaynijwpcemaawvpwtepatwgti/info.plist'>'.

** BUILD FAILED **


The following build commands failed:
	Building project CryptoSavingsTracker with scheme CryptoSavingsTracker and configuration Debug
(1 failure)
